## 数据库

数据库的特点：实现数据共享，减少数据冗余；采用特定的数据类型；具有较高的数据独立性；具有统一的数据控制功能。

表：在关系型数据库中，数据库的表是一系列二维数组的集合，用来存储数据和操作数据的逻辑结构。它是由纵向的列和横向的行组成，行被称为记录，是组织数据的单位；列被称为字段，每一列表示记录的一个属性，都有相应的描述信息。

数据类型:数据类型决定了数据在计算机中的存储格式，代表不同的信息类型。常用的数据类型有：整数数据类型、浮点数数据类型、精确小数类型、二进制数据类型、日期/随时间数据类型、字符串数据类型

主键（Primary Key）：用于唯一的标识表中的每一条记录。可以定义表中的一列或多列为主键。主键列上不能有两行相同的值，也不能为空值

数据可技术构成：数据库系统由硬件部分和软件部分共同构成，硬件主要用于存储数据库中的数据，包括计算机、存储设备等。软件部分则主要包括DBMS、支持DBMS运行的操作系统，以及支持多种语言进行应用开发的访问技术等。

数据库系统由3个主要的组成部分：

数据库：用于存储数据的地方

数据库管理系统：用于管理数据库的软件

数据库应用程序：

## SQL语言

对数据库进行查询和修改操作的语言叫做sql

sql语言包含4部分

1.数据定义语言  DDL（Data Defination language）:CREATE创建、ALTER修改、DROP删除（针对库和表而言）

2.数据操作语言	DML(Data Manipulation Language)： INSERT写入 、   UPDATE修改、	DELETE删除（针对数据）

3.数据查询语言	DQL(Data  Query  Language)： SELECT查询（针对数据）

4.数据控制语言	DCL(Data Control Language)：GRANT授权	、REVOKE收回授权、	ROLLBACK回滚	、COMMIT提交（针对用户或者功能的控制）

## 查看当前mysql版本的命令

select version();

## mysql的优点

1.速度快

2.开源免费

3.移植性强

4.客户端语言多

5.功能丰富

6.安全性和连续性

查看当前数据库的命令

show  databases;

分号（;）作为mysql中的结束符，mysql不止只有一个结束符还有\g等同于分号和\G去掉表结构的方式，使数据以更直观的方式进行呈现

切换mysql 的结束符

delimiter	要使用的结束符

information_schema:mysql中的信息库，用于存放所有mysql维护的库信息以及表的信息

mysql：记录了mysql中所有用户信息，包含权限，关键字，密码等相关信息

performance_schema：5.5版本之后推出的库，用于收集服务器性能参数

test：测试库（作为测试库生产环境中，不会向该库存放重要信息）

创建数据库相当于在磁盘上划分一块区域用于数据的存放和管理

## 创建数据库的命令

create database 数据库名

## 删除数据库的命令

删除数据库时，数据库中的表和数据会随着库的删除而一并删除，所以删库要慎重（否则，容易获赔60万，打断腿）

drop database 数据库名

## 					存储引擎

属于mysql底层组件，提供mysql的增删改查，使用不同的存储引擎可以得到不同的功能，例如使用的索引类型，事务的支持与否，或者锁定功能等等都要根据不同存储引擎来决定，

属于mysql的核心

查看当前mysql拥有那些存储引擎的命令

show	engines\G

```
      Engine: InnoDB	引擎名
     Support: DEFAULT	mysql是否支持该种引擎
     Comment: Supports transactions, row-level locking, and foreign keys		mysql对该种引擎的描述
Transactions: YES		是否支持事物
          XA: YES		是否支持分布式事务
  Savepoints: YES		是否支持事务保存点

mysql> show variables like 'default_storage_engine';	#查看当前默认存储引擎
show  variables	like	'参数'	#查看,系统参数的工具存储引擎
```

一旦选择了存储引擎就表示存放数据的格式，不同存储引擎使用的功能不相同，占用的空间也不相同，每个表都将有且仅有一个存储引擎与之对应

MylSAM存储引擎特点：

（1）在mysql5.5版本之前属于默认存储引擎，之后由InnoDB进行替代

（2）MyISAM存储引擎读取效率高，占用资源少，不支持事务，不支持外键，支持全文索引

（3）读写相互阻塞

（4）只能缓存索引，不能缓存数据 

MyISAM适用场景

（1）不支持事务的业务

（2）适用于读取数据较多的业务，不适用于写频繁的业务

（3）并发较低的业务

（4）硬件资源差的服务器可以使用

InnoDB特点

（1）既能缓存索引，又能缓存数据

  (2) 支持事务，支持外键，支持行级别锁定，且属于5.5版本之后的默认存储

（3）具有提交回滚，崩溃恢复能力的事务安全存储引擎，可以支持较大并发量

（4）使用InnoDB时，会在数据目录下生成两个名字为ib_logfile0和ib_logfile1的5M大小的日志文件，和一个10M大小的自动扩展的名为ibdata1的数据文件

InnoDB的适用场景

（1）需要使用事务的业务

（2）数据更新频繁的业务

（3）数据一致性要求较高的业务

Memory特点

（1）将数据保存在内存中，方便快速的引用和查找

（2）Memory支持btree和hash索引，不支持建立blob和text列

（3）如果不需要memory表中的数据，直接清空表，或者删除掉该表可以快速释放内存中的空间

选择合适的存储引擎可以方便我们的使用，

```
InnoDB可以在使用淘宝，或者充值充值业务时进行使用，
MyISAM可以建立在黄页时进行使用，
Memory可以用于需要快速查询的数据时进行使用，比如用户用户会话
```

ibdata1存放所有使用InnoDB表中的数据以及索引信息（共享表空间）

## 										表的操作

create table 表名

​	（字段名	数据类型  [完整性约束条件]..

​		  字段名2	数据类型	[完整性约束条件]..);

什么是完整性约束条件?

约束条件指的是对字段进行限制，要求用户向字段中写入符合要求的数据，一旦用户写入的内容不符合要求，将会写入失败，为了保证数据的完整性

约束条件

primary key		标识该属性为该表的主键，用于唯一的标识对应的数据

foreign key			标识该属性为该表的外键，外键关联需要另外一表的主键

not  null				标识该属性不能为空值

unique					标识该属性值唯一

default					给该属性设置默认值

auto_increment		标识该属性的值自动增加



primary key	主键，标识表中的数据唯一且非空，且在一个表中只允许出现一个主键，适合给数据本身具有唯一非空性质的数据进行添加，例如身份证号

建立主键的语法

1.字段名	数据类型	primary key

2.在定义完所有的列之后建立主键

primary	key	（要定义主键的字段）

```
mysql> create database sjk;
Query OK, 1 row affected (0.00 sec)

mysql> use sjk;
Database changed
mysql> create table example1
    -> (s_id int primary key,
    -> s_name varchar(30),
    -> s_sex  char(3));
mysql> insert into example1 values (1,'user1','m');
mysql> insert into example1 values (1,'user1','m');
ERROR 1062 (23000): Duplicate entry '1' for key 'PRIMARY'
mysql> insert into example1 values (2,'user1','m');
Query OK, 1 row affected (0.00 sec)
mysql> create table example2(
    -> id int,
    -> name varchar(30),
    -> sex char(3),
    -> primary key(id));
Query OK, 0 rows affected (0.01 sec)
```

联合主键，当单个字段无法确定唯一值时，将多个字段放在一起建立主键

primary key （字段1，字段2...）

```
mysql> create table example3( name varchar(30), birth date, high int,weight int,address varchar(50),primary key (name,birth,high,weight,address));
Query OK, 0 rows affected (0.00 sec)
mysql> insert into example3 values ('user1','1991-01-01',180,85,'beijing');
Query OK, 1 row affected (0.00 sec)

mysql> insert into example3 values ('user1','1991-01-01',180,85,'beijing');
ERROR 1062 (23000): Duplicate entry 'user1-1991-01-01-180-85-beijing' for key 'PRIMARY'
mysql> insert into example3 values ('user2','1991-01-01',180,85,'beijing');
Query OK, 1 row affected (0.00 sec)

mysql> select * from example3;
+-------+------------+------+--------+---------+
| name  | birth      | high | weight | address |
+-------+------------+------+--------+---------+
| user1 | 1991-01-01 |  180 |     85 | beijing |
| user2 | 1991-01-01 |  180 |     85 | beijing |
+-------+------------+------+--------+---------+
2 rows in set (0.00 sec)
```

## 外键

外键用于建立表与表之间的联系，首先联系通过字段进行连接，一旦建立外键之后将会出现父子表，建立（含有）外键的表称之为子表，被晚间连接的表称之为父表，外键在一个表中可以有多列。

## 语法

```
[constraint	约束名] foreign key （定义外键的字段1 ,[字段 2...]）refetences  父表名 （父表主键列）

当填写数据时，父表中被关联的字段拥有某种数据，子表才能填写对应的数据
```

## 建立外键的原则

```
1.子表关联父表时，父表被关联的字段必须为主键
2.建立外键时，数据类型需要一致
3.当父表为联合主键时，需要从第一个字段开始关联，否则失败
4.书写问题
5.存储引擎
mysql> create table example4( s_id int, course_id int, grade decimal(8,2),primary key(s_id,course_id));
Query OK, 0 rows affected (0.01 sec)
mysql> create table example5(
    -> id int primary key,
    -> c_id int,name varchar(30),birth date,
    -> constraint fk_ex5 foreign key (id) references example4(course_id));
ERROR 1005 (HY000): Can't create table 'sjk.example5' (errno: 150)
mysql> create table example5( id int primary key, c_id int,name varchar(30),birth date, constraint fk_ex5 foreign key (id) references example4(s_id));
Query OK, 0 rows affected (0.00 sec)

mysql> insert into example5 values (1,20,'user1','1999-01-01');
ERROR 1452 (23000): Cannot add or update a child row: a foreign key constraint fails (`sjk`.`example5`, CONSTRAINT `fk_ex5` FOREIGN KEY (`id`) REFERENCES `example4` (`s_id`))
mysql> insert into example4 values (1,20,80);
Query OK, 1 row affected (0.01 sec)

mysql> insert into example5 values (1,20,'user1','1999-01-01');
Query OK, 1 row affected (0.00 sec)

```

## 非空

在定义非空的字段中不允许写入空值

字段名	数据类型	not null

```
mysql> create table example6(id int not null);
Query OK, 0 rows affected (0.00 sec)

mysql> insert into example6 values (null);
ERROR 1048 (23000): Column 'id' cannot be null

```

## 唯一性约束条件

定义该条件的字段不允许写入重复值

语法

1  字段名	数据类型	unique

2[constraint	约束名 ]	unique	（定义唯一性条件的字段）

```
mysql> create table example7 (
    -> id int not null,
    -> name varchar(30) unique);
Query OK, 0 rows affected (0.00 sec)

mysql> insert into example7 values (1,'zhangsan');
Query OK, 1 row affected (0.01 sec)

mysql> insert into example7 values (2,'zhangsan');
ERROR 1062 (23000): Duplicate entry 'zhangsan' for key 'name'

mysql> create table example8( id int primary key, name varchar(30), constraint ex_uni unique (name));
Query OK, 0 rows affected (0.01 sec)

```

## 默认值

给字段预先设置默认值，如果不往该字段写入数据，mysql会将默认值填写到该字段中

字段名	数据类型	default	默认值

```
mysql> create table example9( id int primary key, name varchar(30) not null, address varchar(30) unique, game varchar(30) default 'LOL');
Query OK, 0 rows affected (0.00 sec)
mysql> insert into example9 (id,name,address) values (1,'xd','beijing');
Query OK, 1 row affected (0.00 sec)

mysql> select * from example9;
+----+------+---------+------+
| id | name | address | game |
+----+------+---------+------+
|  1 | xd   | beijing | LOL  |
+----+------+---------+------+
1 row in set (0.00 sec)

```



## 自增

给指定字段的值进行自动增加的操作，只能对数值进行增加，设置自增为了生成唯一的id值，一个表中只能有一个自增字段

语法

字段名	数据类型	auto_increment

```
mysql> create table example10( id int primary key auto_increment, name varchar(30) not null);
Query OK, 0 rows affected (0.00 sec)

mysql> create table example11( id int unique auto_increment, name varchar(30) not null);
Query OK, 0 rows affected (0.00 sec)

```



## 								修改表alter

## 1.修改表名

alter table  表名  rename[to] 新表名

如果在修改表名的前提下加上to表示可以实现表在库之间的迁移，还能在迁移的同时进行修改表名

```
mysql> show tables;
+-------------------+
| Tables_in_sjk0108 |
+-------------------+
| EXAMPLE1          |
+-------------------+
1 row in set (0.00 sec)

mysql> create table example1(id int primary key);
Query OK, 0 rows affected (0.00 sec)

mysql> create table example2(id int primary key);
Query OK, 0 rows affected (0.01 sec)

mysql> create table example3(id int primary key);
Query OK, 0 rows affected (0.00 sec)

mysql> create table example4(id int primary key);
Query OK, 0 rows affected (0.01 sec)

mysql> create table example5(id int primary key);
Query OK, 0 rows affected (0.01 sec)
[root@localhost ~]# vim rename.sh
#!/bin/bash
# change database name
mysql -uroot -e 'create database if not exists yjs0108'
list_table=$(mysql -uroot -Nse "select TABLE_NAME from information_schema.TABLES where TABLE_SCHEMA='sjk0108'")
    for table in $list_table
    do
    mysql -uroot -e "ALTER TABLE sjk0108.$table RENAME TO yjs0108.$table"
    done
chmod +x rename.sh
./rename.sh

N去掉表头    socket   e在命令行执行

mysql> show tables;
Empty set (0.00 sec)

mysql> use yjs0108;
Database changed
mysql> show tables;
+-------------------+
| Tables_in_yjs0108 |
+-------------------+
| EXAMPLE1          |
| example1          |
| example2          |
| example3          |
| example4          |
| example5          |
+-------------------+
6 rows in set (0.00 sec)

```



```
在mysql中不允许出现同名的库
在一个库中不允许出现同名的表
在一个表中不允许出现同名字段
在mysql中数据表的名字不能和命令一致否则报错
在mysql中库名表名进行大小写的区分，而字段不区分大小写
```

## 查看表结构的语法

desc	表名

describe	表名

查看详细表结构的语法

show  create table 表名\G

## 2.修改字段数据类型

alter table 表名  modify 字段名 新数据类型	[约束条件]

```
mysql> desc test1;
+-------+-------------+------+-----+---------+-------+
| Field | Type        | Null | Key | Default | Extra |
+-------+-------------+------+-----+---------+-------+
| id    | int(11)     | NO   | PRI | NULL    |       |
| name  | varchar(30) | NO   |     | NULL    |       |
| birth | date        | YES  | UNI | NULL    |       |
+-------+-------------+------+-----+---------+-------+
3 rows in set (0.00 sec)

mysql> alter table test1 modify name char(5);
Query OK, 0 rows affected (0.02 sec)
Records: 0  Duplicates: 0  Warnings: 0
mysql> desc test1;
+-------+---------+------+-----+---------+-------+
| Field | Type    | Null | Key | Default | Extra |
+-------+---------+------+-----+---------+-------+
| s_id  | int(11) | NO   | PRI | 0       |       |
| name  | char(5) | YES  |     | NULL    |       |
| birth | date    | YES  | UNI | NULL    |       |
+-------+---------+------+-----+---------+-------+
3 rows in set (0.00 sec)

```



### 3.修改字段的名字

alter table 表名 change 旧字段名 新字段名 新数据类型	[约束条件]

```
mysql> desc test1;
+-------+-------------+------+-----+---------+-------+
| Field | Type        | Null | Key | Default | Extra |
+-------+-------------+------+-----+---------+-------+
| id    | int(11)     | NO   | PRI | NULL    |       |
| name  | varchar(30) | NO   |     | NULL    |       |
| birth | date        | YES  | UNI | NULL    |       |
+-------+-------------+------+-----+---------+-------+
3 rows in set (0.00 sec)
 at line 1
mysql> alter table test1 change id s_id int;
Query OK, 0 rows affected (0.01 sec)
Records: 0  Duplicates: 0  Warnings: 0
mysql> desc test1;
+-------+---------+------+-----+---------+-------+
| Field | Type    | Null | Key | Default | Extra |
+-------+---------+------+-----+---------+-------+
| s_id  | int(11) | NO   | PRI | 0       |       |
| name  | char(5) | YES  |     | NULL    |       |
| birth | date    | YES  | UNI | NULL    |       |
+-------+---------+------+-----+---------+-------+
3 rows in set (0.00 sec)

```

## 4.添加字段

alter table 表名 add 新字段名 新数据类型	[约束条件]	[first|AFTER  已经存在的字段]	

```
mysql> alter table test1 add address varchar(30) not null first;
Query OK, 0 rows affected (0.01 sec)
Records: 0  Duplicates: 0  Warnings: 0

mysql> desc test1;
+---------+-------------+------+-----+---------+-------+
| Field   | Type        | Null | Key | Default | Extra |
+---------+-------------+------+-----+---------+-------+
| address | varchar(30) | NO   |     | NULL    |       |
| s_id    | int(11)     | NO   | PRI | 0       |       |
| name    | char(5)     | YES  |     | NULL    |       |
| birth   | date        | YES  | UNI | NULL    |       |
+---------+-------------+------+-----+---------+-------+
4 rows in set (0.00 sec)

```

添加一个名字叫做s_sex的字段  数据类型为char(3)  非空约束条件将该字段添加到name字段的前面

```
mysql> alter table test1 add s_sex char(3) not null after s_id;
Query OK, 0 rows affected (0.02 sec)
Records: 0  Duplicates: 0  Warnings: 0
mysql> desc test1;
+---------+-------------+------+-----+---------+-------+
| Field   | Type        | Null | Key | Default | Extra |
+---------+-------------+------+-----+---------+-------+
| address | varchar(30) | NO   |     | NULL    |       |
| s_id    | int(11)     | NO   | PRI | 0       |       |
| s_sex   | char(3)     | NO   |     | NULL    |       |
| name    | char(5)     | YES  |     | NULL    |       |
| birth   | date        | YES  | UNI | NULL    |       |
+---------+-------------+------+-----+---------+-------+
5 rows in set (0.00 sec)

```

添加一个名叫phone字段，数据烈性为int，唯一性约束条件，添加到表的最后

```
mysql> alter table test1 add phone int unique;
Query OK, 0 rows affected (0.00 sec)
Records: 0  Duplicates: 0  Warnings: 0

mysql> desc test1;
+---------+-------------+------+-----+---------+-------+
| Field   | Type        | Null | Key | Default | Extra |
+---------+-------------+------+-----+---------+-------+
| address | varchar(30) | NO   |     | NULL    |       |
| s_id    | int(11)     | NO   | PRI | 0       |       |
| s_sex   | char(3)     | NO   |     | NULL    |       |
| name    | char(5)     | YES  |     | NULL    |       |
| birth   | date        | YES  | UNI | NULL    |       |
| phone   | int(11)     | YES  | UNI | NULL    |       |
+---------+-------------+------+-----+---------+-------+
6 rows in set (0.00 sec)

```

## 删除字段

alter 	table  表名	drop	字段名

如果删除指定字段，字段中的值将会随着字段的删除而删除

```
mysql> alter table test1 drop phone;
Query OK, 0 rows affected (0.00 sec)
Records: 0  Duplicates: 0  Warnings: 0

mysql> desc test1;
+---------+-------------+------+-----+---------+-------+
| Field   | Type        | Null | Key | Default | Extra |
+---------+-------------+------+-----+---------+-------+
| address | varchar(30) | NO   |     | NULL    |       |
| s_id    | int(11)     | NO   | PRI | 0       |       |
| s_sex   | char(3)     | NO   |     | NULL    |       |
| name    | char(5)     | YES  |     | NULL    |       |
| birth   | date        | YES  | UNI | NULL    |       |
+---------+-------------+------+-----+---------+-------+
5 rows in set (0.00 sec)
```

## 更改表中的存储引擎

alter table 表名 engine=要修改的存储引擎

如果修改存储引擎需要注意由于存储引擎的修改而导致的功能不能使用的问题

```
mysql> show create table test1\G
mysql> alter table test1 engine=memory;
Query OK, 0 rows affected (0.01 sec)
Records: 0  Duplicates: 0  Warnings: 0
mysql> show create table test1\G
*************************** 1. row ***************************
       Table: test1
Create Table: CREATE TABLE `test1` (
  `address` varchar(30) NOT NULL,
  `s_id` int(11) NOT NULL DEFAULT '0',
  `s_sex` char(3) NOT NULL,
  `name` char(5) DEFAULT NULL,
  `birth` date DEFAULT NULL,
  PRIMARY KEY (`s_id`),
  UNIQUE KEY `birth` (`birth`)
) ENGINE=MEMORY DEFAULT CHARSET=utf8
1 row in set (0.00 sec)

mysql> alter table test1 engine=memory1;
Query OK, 0 rows affected, 1 warning (0.00 sec)
Records: 0  Duplicates: 0  Warnings: 1

mysql> show warnings;
+---------+------+----------------------------------+
| Level   | Code | Message                          |
+---------+------+----------------------------------+
| Warning | 1286 | Unknown storage engine 'memory1' |
+---------+------+----------------------------------+
1 row in set (0.00 sec)
```

## 删除数据表

drop	table	表1 [,表2...]

```
mysql> create table example6( id int primary key, name varchar(30) not null, sex char(3) not null, address varchar(30) unique);
Query OK, 0 rows affected (0.00 sec)
mysql> create table example7(s_id int,name varchar(30) not null,constraint fk_ex7 foreign key (s_id) references example6(id));
Query OK, 0 rows affected (0.01 sec)
mysql> drop table example6;
ERROR 1217 (23000): Cannot delete or update a parent row: a foreign key constraint fails

```

解除外键约束关系

alter	table	表名	drop	foreign	key	外键约束名

```
mysql> alter table example7 drop foreign key fk_ex7;
Query OK, 0 rows affected (0.02 sec)
Records: 0  Duplicates: 0  Warnings: 0
mysql> drop table example6;
Query OK, 0 rows affected (0.00 sec)
```

查看表在哪个库中

```
mysql> use information_schema;
mysql> select * from tables\G 
mysql> select table_schema from information_schema.tables where table_name='example4';

```

查看外键约束条件在哪个库的哪个表中

```
mysql> use information_schema;
mysql> show tables;
mysql> select * from TABLE_CONSTRAINTS\G
mysql> select * from table_constraints where constraint_type='foreign key';
mysql> select * from table_constraints where constraint_type='foreign key'\G
*************************** 1. row ***************************
CONSTRAINT_CATALOG: def
 CONSTRAINT_SCHEMA: sjk
   CONSTRAINT_NAME: fk_ex5
      TABLE_SCHEMA: sjk
        TABLE_NAME: example5
   CONSTRAINT_TYPE: FOREIGN KEY
1 row in set (0.01 sec)

```

## 							删除主键（添加主键）

alter table 表名	drop	primary	key

```
mysql> desc example1;
+--------+-------------+------+-----+---------+-------+
| Field  | Type        | Null | Key | Default | Extra |
+--------+-------------+------+-----+---------+-------+
| s_id   | int(11)     | NO   | PRI | NULL    |       |
| s_name | varchar(30) | YES  |     | NULL    |       |
| s_sex  | char(3)     | YES  |     | NULL    |       |
+--------+-------------+------+-----+---------+-------+
3 rows in set (0.00 sec)
mysql> alter table example1 drop primary key;
mysql> desc example1;
+--------+-------------+------+-----+---------+-------+
| Field  | Type        | Null | Key | Default | Extra |
+--------+-------------+------+-----+---------+-------+
| s_id   | int(11)     | NO   |     | NULL    |       |
| s_name | varchar(30) | YES  |     | NULL    |       |
| s_sex  | char(3)     | YES  |     | NULL    |       |
+--------+-------------+------+-----+---------+-------+
3 rows in set (0.00 sec)

mysql> show create table example1\G
*************************** 1. row ***************************
       Table: example1
Create Table: CREATE TABLE `example1` (
  `s_id` int(11) NOT NULL,
  `s_name` varchar(30) DEFAULT NULL,
  `s_sex` char(3) DEFAULT NULL
) ENGINE=InnoDB DEFAULT CHARSET=utf8
1 row in set (0.00 sec)
mysql> alter table example1 add primary key(s_id);   #添加主键
Query OK, 0 rows affected (0.02 sec)
Records: 0  Duplicates: 0  Warnings: 0
mysql> show create table example1\G
*************************** 1. row ***************************
       Table: example1
Create Table: CREATE TABLE `example1` (
  `s_id` int(11) NOT NULL,
  `s_name` varchar(30) DEFAULT NULL,
  `s_sex` char(3) DEFAULT NULL,
  PRIMARY KEY (`s_id`)
) ENGINE=InnoDB DEFAULT CHARSET=utf8
1 row in set (0.00 sec)
mysql> alter table example1 modify s_id int primary key;	添加主键
Query OK, 0 rows affected (0.02 sec)
Records: 0  Duplicates: 0  Warnings: 0
```

删除唯一性约束条件（添加唯一性约束条件）

alter table	表名	drop	key	birth;

alter table 表名	change birth birthday  date unique;

alter table 表名	add  constraint	ex1_uni	unique (name);

```
mysql> alter table test1 drop key birth;
Query OK, 0 rows affected (0.00 sec)
Records: 0  Duplicates: 0  Warnings: 0

mysql> alter table test1 change birth birthday date unique;
Query OK, 0 rows affected (0.00 sec)
Records: 0  Duplicates: 0  Warnings: 0
mysql> alter table test1 add constraint te1_uni unique(name);
Query OK, 0 rows affected (0.00 sec)
Records: 0  Duplicates: 0  Warnings: 0


mysql> create table test2(id int primary key, name varchar(30) not null, phone int unique, address char(20) not null);
Query OK, 0 rows affected (0.01 sec)

mysql> create table test3(s_id int,s_name varchar(30) not null);
Query OK, 0 rows affected (0.01 sec)

mysql> alter table test3 add constraint fk_te3 foreign key(s_id) references test2(id);
Query OK, 0 rows affected (0.02 sec)
Records: 0  Duplicates: 0  Warnings: 0
```

删除自增（添加自增）

create table	example modify	id int auto_increment

删除非空（添加）

```
mysql> create table example2(id int primary key,
    -> name varchar(30),
    -> address varchar(30));
Query OK, 0 rows affected (0.00 sec)

mysql> desc example2;
+---------+-------------+------+-----+---------+-------+
| Field   | Type        | Null | Key | Default | Extra |
+---------+-------------+------+-----+---------+-------+
| id      | int(11)     | NO   | PRI | NULL    |       |
| name    | varchar(30) | YES  |     | NULL    |       |
| address | varchar(30) | YES  |     | NULL    |       |
+---------+-------------+------+-----+---------+-------+
3 rows in set (0.00 sec)
mysql> alter table example2 modify name varchar(30) not null;
Query OK, 0 rows affected (0.01 sec)
Records: 0  Duplicates: 0  Warnings: 0

mysql> desc example2;
+---------+-------------+------+-----+---------+-------+
| Field   | Type        | Null | Key | Default | Extra |
+---------+-------------+------+-----+---------+-------+
| id      | int(11)     | NO   | PRI | NULL    |       |
| name    | varchar(30) | NO   |     | NULL    |       |
| address | varchar(30) | YES  |     | NULL    |       |
+---------+-------------+------+-----+---------+-------+
3 rows in set (0.00 sec)
```

删除默认值（添加）



添加主键和唯一性约束条件时，既可以通过add方式来添加，又可以通过modify（change）方式添加，因为主键和唯一性约束条件拥有两种建立的方式，外键仅能通过add方式添加，因为外键只有这一种建立的语法，且语法必须另起一行写在新的行中

自增，默认值，非空三大约束条件只有一种添加方式，且该方式为跟随在数据类型后面添加，所以，只能通过modify（change）方式进行添加，如果想要删除出上述三种约束条件，在修改数据类型时，不带有该约束条件，将会自动删除，但是外键、主键、唯一性约束条件不会随着不带该约束条件而被删除，需要特殊命令进行删除。

## 									数据类型

表中每个字段有且只有一个数据类型与其对应，一旦确定了数据类型，那么就决定了向该字段写入数据的格式

数据类型分为

```
1.数值类数据类型
（1）整数类型		说明				存储需求		有符号取值范围
tinyint		极小的整数类型			1字节			-128~127
smallint	较小的整数类型			2字节			-32768~32767
mediumint	中等大小的数据类型		3字节		-8388608~8388607
int			普通整数类型			4字节		-2147483648~2147483647
bigint		较大整数类型			8字节		-9223372036854775808~9223372036854775807
		无符号取值范围
	（1）0~255
	（2）0~65535
	（3）0~16777215
	（4）0~4294967295
	（5）0~18446744073709551615
	在数值数据类型写入的过程中，每个数据类型默认为有符号取值范围，如果想要无符号取值范围
	语法	字段名	数值类数据类型	unsigned
	
（2）小数类型 	M为精度，表示一共可以保留的位数（含小数），N为标度，表示保留的小数位数
	1）浮点类型
	类型			说明			存储需求
	float（M,N）	单精度浮点数		4字节
	double（M,N）	双精度浮点数		8字节
	2）定点数类型
	类型
	decimal（M，N）	定点数		M+2字节
	浮点数与定点数的区别，浮点数拥有更大的取值范围，但是由于取值范围过大，会造成精度不准确问题。而定点数实际按照字符串的形式进行存放数据，对于数据的要求更加精确，但是确定为范围不够大，只能在精度范围活跃，主要用于（货币运算，科学计算等方面）
2.时间日期类类型
类型				格式					存储需求		取值范围
（1）year			YYYY					1字节			1901~2166
（2）time			HH:MM:SS				3字节		-838:59:59~838:59:59
（3）date			YYYY-MM-DD				3字节		1000-01-01~9999-12-31
（4）datetime		YYYY-MM-DD HH:MM:SS		8字节		1000-01-01~9999-12-31 23:59:59
（5）timestamp	YYYY-MM-DD HH:MM:SS		4字节		1970-01-01 00:00:00 UTC~2038-01-19 03:14:07 UTC
UTC	标准世界时间（coordonated universal time）

mysql中写入数据，需要符合mysql的规则，在日期数据类型中，用于判定数据类型的内容为合法值与非法值，如果数据为非法值，数据将会清零。

删除表中数据
1.teuncate	table	表名
mysql> truncate table test1;
2.delete	from	表名
mysql> delete from test1;
区别：truncate tbale在使用上不带有where条件判断，一旦写入直接删除整张表的数据，和delete语句相同，不同的是，delete+where可以删除指定条目
truncate比delete速度快，且一旦删除之后，truncate使用字段和日志资源较少，对删除操作来说，truncate删除的表删除后速度比delete速度快
truncate删除之后索引和自增数值返回到最开始时的状态，且释放表空间，delete不释放表空间
mysql> set auto_increment_increment=2;设置自增的数值

查看自增状态
mysql> show variables like 'auto_increment%';
+--------------------------+-------+
| Variable_name            | Value |
+--------------------------+-------+
| auto_increment_increment | 1     |		决定每次已指定数值向下增加
| auto_increment_offset    | 1     |		决定数值从几开始增加
+--------------------------+-------+

year类型的写入
'00'-'69'被识别为2000-2069
'70'-'99'被识别为1970-1999
01-69	被识别为2001-2069
70-99	被识别为1970-1999
0作为特殊被识别为0000
time数据类型写入规则
如果写入三组数据，正常识别为时分秒
如果写入两组数据，识别为时和分
如果写入一组数据被识别为秒
如果写入的数据中含有空格，空格前被识别为天数，空格后有三组数据识别为天数+时分秒，如果空格后两组数据，空格后被识别为时分，空格后只有一组数据被识别为小时
mysql> insert into test2 values(current_time),(now()); 写入当前时间
mysql> select now();	查看当前时间

date数据类型写入规则
当年份以两位数的形式写入时
00-69或者 '00'-'69' 被识别为2000-2069
70-99或者	'70'-'99' 被识别为1970-1999
mysql> insert into test3 values(current_date); 写入当前日期

datetime数据类型xieruguize
详情参照date
在mysql日期类型中支持不严谨的语法，可以使用其他分隔符来代替'-',':'

timesteam写入数据时，可以通过设置时区的方式，改变时间的显示设置时区
set time_zone='时区'

3.字符串类型
顾名思义，字符串数据类型可以用来存放字符串，字符串数据类型分为两大类
1）文本字符串类型（M作为显示宽度，表示允许写入的字符串的数量）
类型			说明					存储需求
char（M）		固定长度的文本字符串			M字节		1<=M<=255
varchar（M）	可变长度的文本字符串			L+1字节	1<=M<=65535
tinytext	极小的文本字符串类型			L+1字节	最大长度为255字符
text		较小的文本字符串类型			L+2字节	最大长度为65535字符
mediumtext	中等大小文本字符串类型			L+3字节	最大长度为16777215字符
longtext	较大文本字符串类型			L+4字节	最大长度为4294967295字符

char（3）	作为固定长度的文本字符串如果写入的数据没有达到指定的显示宽度，那么将会在数据的尾部填充空格达到指定的显示宽度，例如char（3），如果只向该数据类型写入一个字符串长度的数据，那么也会占用3字节空间，如果写入的数据超过了显示宽度，mysql会将超出的部分进行删除，直到达到指定的显示宽度，且显示宽度的最大值为255，如果写入的数据尾部有空格，在显示时将会把尾部空格进行删除

varchar（3）	作为可变长度的文本字符串，最大长度为65535，和char相同如果写入的数据超过了显示宽度，mysql将会把超出的部分进行删除，如果写入的数据没有超过指定的显示宽度，不做任何操作，在存放时加入一个字节的结束符，作为结束。

如果写入的显示宽度，超过了该数据类型本身所能承受的范围，char会报错，告知超过显示宽度，而varchar将会直接转换成可以存放该范围的数据类型
5.6版本之后只能填入符合要求的显示宽度
mysql> create database type2;
Query OK, 1 row affected (0.00 sec)

mysql> use type2;
Database changed
mysql> create table test1(c  char(5),v varchar(50));
Query OK, 0 rows affected (0.01 sec)

mysql> insert into test1 values('ab  ','ab  ');
Query OK, 1 row affected (0.00 sec)

mysql> select * from test1;
+------+------+
| c    | v    |
+------+------+
| ab   | ab   |
+------+------+
1 row in set (0.00 sec)

mysql> select concat('(',c,')'),concat('(',v,')') from test1;
+-------------------+-------------------+
| concat('(',c,')') | concat('(',v,')') |
+-------------------+-------------------+
| (ab)              | (ab  )            |
+-------------------+-------------------+
1 row in set (0.00 sec)

mysql> create table test2(name char(256));
ERROR 1074 (42000): Column length too big for column 'name' (max = 255); use BLOB or TEXT instead


enum枚举	在给定的范围内选择一个值作为结果。我们将写在枚举中的每一个值叫做元素，在每个枚举数据类型中可以写入65535个元素，且每个元素都有对应的索引下标，用于写入数据，索引下标篇有1开始，以此类推。不能向枚举中填写在给定范围内没有的数据

语法
字段名	enum	（值1,值2,.....值n）
mysql> create table test3(
    -> name varchar(30),
    -> grade decimal(6,2),
    -> level enum('excellent','good','bad'));
mysql> insert into test3 values('fm',84.9,'good'),('yt',90,1),('xd',50,3);
mysql> select * from test3;
+------+-------+-----------+
| name | grade | level     |
+------+-------+-----------+
| fm   | 84.90 | good      |
| yt   | 90.00 | excellent |
| xd   | 50.00 | bad       |
+------+-------+-----------+
mysql> update test3 set level=1,grade=95 where name='xd';
mysql> select * from test3;
+------+-------+-----------+
| name | grade | level     |
+------+-------+-----------+
| fm   | 84.90 | good      |
| yt   | 90.00 | excellent |
| xd   | 95.00 | excellent |
+------+-------+-----------+

set	在给定的范围内选择零个或者多个值作为结果。和枚举相同的是，set类型中每个数值也有索引下标，用来标记数据的位置，但是set中只能存在64个元素，如果写入的数据中，set位置出现了重复值，会将重复值删除，且按照顺序排列

语法
字段名	set （值1，值2...）
mysql> create table test4(s set ('a','b','c','d'));
mysql> insert into test4 values('c'),('b,c,c'),('d,b,a');
mysql> select * from test4;
+-------+
| s     |
+-------+
| c     |
| b,c   |
| a,b,d |
+-------+
mysql> select collation('abc');
+------------------+
| collation('abc') |
+------------------+
| utf8_general_ci  |
+------------------+

2)二进制字符串数据类型
类型				说明					存储需求
bit（M）			位字段类型				（M+7）/8字节
binary（M）		固定长度的二进制字符串		M字节
varbinary（M）	可变长度的二进制字符串		L+1字节
tinyblob（M）		极小的blob类型			L+1字节
blob（M）			较小blob类型			L+2字节
mediumblob（M）	中等大小blob类型			L+3字节
longblob（M）		较大blob类型			L+4字节

bit作为二进制数据类型，显示宽度确定的内容位二进制数值显示宽度。不是写入数据的显示宽度
bin将二进制数据进行正确显示

binary（M）	固定长度的二进制字符串，当写入的数据没有达到指定的显示宽度时，填充\0，达到指定显示宽度，如果写入的数据超过指定的显示宽度，那么将删除超出的部分
varbinary（M）	可变长度的二进制字符串，如果写入的数据，没有达到指定的显示宽度，不做任何填充，如果写入的数据超过了指定显示宽度，和binary一样删除多余的数据 

length作为一个计算字节长度函数，检测数据所占用的空间大小，单位为字节

在以blob结尾数据类型中，用于存放二进制字符串，可以存放图片，视频以及音频文件
blob和text区别在于，text只能存放文本字符串，而blob只能存放二进制数据，blob由于只存01二进制数据，所以不存在字符集，而text有字符集。text不能存放图片视频音频而blob可以
tinyblob	最大长度为255
blob		最大长度为65535
mediumblob	最大长度为16777215
longblob	最大长度为4294967295

选择合适的数据类型可以大大降低资源浪费，并且以最合适的方式写入数据还可以提升服务器性能。

mysql> create table test5(id bit(4));
Query OK, 0 rows affected (0.01 sec)

mysql> insert into test5 values(2222);
Query OK, 1 row affected, 1 warning (0.00 sec)

mysql> show warnings;
+---------+------+---------------------------------------------+
| Level   | Code | Message                                     |
+---------+------+---------------------------------------------+
| Warning | 1264 | Out of range value for column 'id' at row 1 |
+---------+------+---------------------------------------------+
mysql> insert into test5 values(15);
Query OK, 1 row affected (0.01 sec)

mysql> select * from test5;
+------+
| id   |
+------+
|     |
|     |
+------+
2 rows in set (0.00 sec)

mysql> select bin(id)  from test5;
+---------+
| bin(id) |
+---------+
| 1111    |
| 1111    |
+---------+
	                                                                                                                                     运算符
1.算术运算符
+-*/%（在求余过程中，小数不参与运算，都属于余数）
2.比较运算符
=					等于			between	and	判断一个操作数是否在两个操作数之间
<=>					安全等于		in	判断操作数是否时in列表中的数据
<>，!=					不等于			not in	判断操作数是否不是in列表中的数据
>					大于			like	通配符匹配
<					小于			regexp	正则表达式匹配
>=					大于等于
<=					小于等于
is null				判断一个值是否为null
isnull				同上
is not null			判断一个值是否不为空
least				多个操作数取最小值
greatest			多个操作数取最大值

null表示未知等用于unknow，一旦空值写入表格，表示该数据为未知数据
between判定规则，被判断的数据，需要大于等于and前面的数据，小于等于后面的数据，才会被判定为介于两个值之间，否则判定为不在

like  通配符匹配
% 匹配任意字符
_ 匹配任意单个字符

regexp
^ 以什么开头的数据
$ 以什么结尾的数据
[] 匹配方括号内任意字符
| 匹配管道符前后任意字符串
. 匹配任意字符
* 匹配星号前字符串0次或者多次

3.逻辑运算符
not 或者!		逻辑非
and 或者&&	逻辑与
or或者||		逻辑或
xor			 逻辑异或

（1）逻辑非
1）当操作数为0时，返回1
2）当操作数不为0时，返回0
3）当操作数为null时，返回null
0=错误	1正确
not=非
not1=非正确=错误=0
not0=非错误=正确=1

（2）逻辑与（and或者&&）
1）当所有操作数均不为0时，且不为null时，返回1
2）当有一个或者多个0时，返回0
3）其余情况返回null
同真为真，一假为假，同假为假，一假一空为假

（3）逻辑或（or或者||）
1）当两个操作数均不为null，且任意一个不为0时，返回1，否则为0
2）当有一个操作数为null，且另一个操作数不为0，返回1，否则为null
3）均为null，返回null
同真为真，一阵一假为真，同假为假，一真一空为真

（4）逻辑异或xor
a xor b== ((not a) and b) or (a and (not b))
1）当一个操作数为null时，返回null
2）如果操作数为非null操作数，如果两个操作数均为1或者均为0返回0
3）如果一个为0，另一个不为0，返回1
同真同假为假，一真一假为真
1  xor 0 == ((not 1 ) and 0) or (1 and (not 0))
		== (0 and 0) or (1 and 1)
		== 0 or 1
		== 1

4.bit   位操作运算符
运算符		作用
|		位或
&		位与
^		位异或
<<		位左移
>>		位右移
~		位取反

1.位或运算：对应的二进制位有一个或者两个为1，结果为1，否则为0
18 | 30    10010  11110   得30
2.位与运算：对应的二进制位均为1则为1，否则为0
18 & 25    10010 11001  10000  得16
3.位异或：对应的二进制位不相同则为1，否则为0
9 ^  15    1001   1111  0110  得6
4.位左移：使指定的二进制位都向左移动指定的位数，左移之后，左边高位将被移除并丢弃，右边空出的低位用0补齐
15<<2
1111     111100   得60
5.位右移：使指定的二进制位都向右移动指定的位数，右移之后，右边的低位将被移除，左边高为位用0补齐
15>>2
1111      11  得3
6.位取反：将对应得二进制位逐位翻转，0变1，1变0
mysql> select ~1;
+----------------------+
| ~1                   |
+----------------------+
| 18446744073709551614 |
+----------------------+
1 row in set (0.00 sec)

mysql> select ~0;
+----------------------+
| ~0                   |
+----------------------+
| 18446744073709551615 |
+----------------------+

运算符优先级（低到高）
=（赋值）
|| or
xor
&& and
not
between
=(比较),<=>,<=,>=,<,>,!=,is,like,in,regexp
|
&
<< >>
-+(-减号)
*/%
-~(-负号)
```

